python : C:\Users\sho
fu\AppData\Roaming\Py
thon\Python312\site-p
ackages\pytest_asynci
o\plugin.py:247: Pyte
stDeprecationWarning:
 The configuration op
tion "asyncio_default
_fixture_loop_scope" 
is unset.
発生場所 行:1 文字:1
+ python -m pytest te
sts/test_models.py te
sts/test_config.py -v
 2>&1 |  ...
+ ~~~~~~~~~~~~~~~~~~~
~~~~~~~~~~~~~~~~~~~~~
~~~~~~~~~~~~~~~~~~~~~
~~~~~
    + CategoryInfo   
           : NotSpe  
  cified: (C:\User   
 s\shofu\...cope"    
 is unset.:Strin    g
) [], RemoteExc    ep
tion
    + FullyQualified 
   ErrorId : Native  
  CommandError
 
The event loop scope 
for asynchronous fixt
ures will default to 
the fixture caching s
cope. Future versions
 of pytest-asyncio wi
ll default the loop s
cope for asynchronous
 fixtures to function
 scope. Set the defau
lt fixture loop scope
 explicitly in order 
to avoid unexpected b
ehavior in the future
. Valid fixture loop 
scopes are: "function
", "class", "module",
 "package", "session"

  warnings.warn(Pytes
tDeprecationWarning(_
DEFAULT_FIXTURE_LOOP_
SCOPE_UNSET))
============================= test session starts =============================
platform win32 -- Python 3.12.6, pytest-8.3.4, pluggy-1.5.0 -- C:\Python312\python.exe
cachedir: .pytest_cache
rootdir: C:\Users\shofu\Desktop\neo-career\DOCdemo_update_project
plugins: anyio-4.11.0, asyncio-1.3.0
asyncio: mode=Mode.STRICT, debug=False, asyncio_default_fixture_loop_scope=None, asyncio_default_test_loop_scope=function
collecting ... collected 31 items

tests/test_models.py::TestProcessStatus::test_status_values PASSED       [  3%]
tests/test_models.py::TestProcessStatus::test_status_from_value PASSED   [  6%]
tests/test_models.py::TestCompanyInfoEnterpriseId::test_english_company_with_suffix PASSED [  9%]
tests/test_models.py::TestCompanyInfoEnterpriseId::test_english_company_prefix PASSED [ 12%]
tests/test_models.py::TestCompanyInfoEnterpriseId::test_japanese_company_suffix PASSED [ 16%]
tests/test_models.py::TestCompanyInfoEnterpriseId::test_medical_corporation PASSED [ 19%]
tests/test_models.py::TestCompanyInfoEnterpriseId::test_general_association PASSED [ 22%]
tests/test_models.py::TestCompanyInfoEnterpriseId::test_public_foundation PASSED [ 25%]
tests/test_models.py::TestCompanyInfoEnterpriseId::test_general_foundation PASSED [ 29%]
tests/test_models.py::TestCompanyInfoEnterpriseId::test_tax_corporation PASSED [ 32%]
tests/test_models.py::TestCompanyInfoEnterpriseId::test_mixed_english_with_spaces PASSED [ 35%]
tests/test_models.py::TestCompanyInfoEnterpriseId::test_uppercase_english PASSED [ 38%]
tests/test_models.py::TestCompanyInfoEnterpriseId::test_alphanumeric_hyphen PASSED [ 41%]
tests/test_models.py::TestCompanyInfoEnterpriseId::test_no_legal_entity PASSED [ 45%]
tests/test_models.py::TestCompanyInfoEnterpriseId::test_municipality PASSED [ 48%]
tests/test_models.py::TestCompanyInfoEnterpriseId::test_custom_id_not_overwritten PASSED [ 51%]
tests/test_models.py::TestCompanyInfoMethods::test_is_processable_pending PASSED [ 54%]
tests/test_models.py::TestCompanyInfoMethods::test_is_processable_completed PASSED [ 58%]
tests/test_models.py::TestCompanyInfoMethods::test_is_processable_error PASSED [ 61%]
tests/test_models.py::TestCompanyInfoMethods::test_is_processable_intermediate PASSED [ 64%]
tests/test_models.py::TestCompanyInfoMethods::test_mark_error PASSED     [ 67%]
tests/test_models.py::TestCompanyInfoMethods::test_mark_skipped PASSED   [ 70%]
tests/test_models.py::TestCompanyInfoMethods::test_str_representation PASSED [ 74%]
tests/test_config.py::TestConfig::test_web_app_url_is_https PASSED       [ 77%]
tests/test_config.py::TestConfig::test_login_credentials_not_empty PASSED [ 80%]
tests/test_config.py::TestConfig::test_pages_all_defined PASSED          [ 83%]
tests/test_config.py::TestConfig::test_csv_columns_all_defined PASSED    [ 87%]
tests/test_config.py::TestConfig::test_timeouts_positive PASSED          [ 90%]
tests/test_config.py::TestConfig::test_retry_settings PASSED             [ 93%]
tests/test_config.py::TestConfig::test_excluded_domains_not_empty PASSED [ 96%]
tests/test_config.py::TestConfig::test_viewport_dimensions PASSED        [100%]

============================= 31 passed in 0.04s ==============================
